---
source: src/ui/layout/mod.rs
expression: render_to_string(layout)
---
11
22
