---
source: src/lib.rs
expression: layout.render_to_string()
---
This is on top (leftovers here)
