---
source: src/lib.rs
expression: render_to_string(layout)
---
Hello
lol
