---
source: src/lib.rs
expression: layout.render_to_string()
---
                    Aligned to the right
