---
source: src/tests/mod.rs
expression: ctx.redact_buffer()
---
▌On branch main                                                                 |
▌Your branch is up to date with 'origin/main'.                                  |
                                                                                |
 Stashes                                                                        |
 stash@0 On main: test                                                          |
                                                                                |
 Recent commits                                                                 |
 _______ main origin/main add initial-file                                      |
                                                                                |
                                                                                |
                                                                                |
                                                                                |
                                                                                |
                                                                                |
                                                                                |
                                                                                |
                                                                                |
                                                                                |
────────────────────────────────────────────────────────────────────────────────|
$ git stash push --include-untracked --message test                             |
styles_hash: 3cf025e810662146
