---
source: src/tests/mod.rs
expression: ctx.redact_buffer()
---
â–Œ0c2c6c3 main a-tag add secondfile                                              |
 223428c annotated add firstfile                                                |
 b66a0bf origin/main add initial-file                                           |
                                                                                |
                                                                                |
                                                                                |
                                                                                |
                                                                                |
                                                                                |
                                                                                |
                                                                                |
                                                                                |
                                                                                |
                                                                                |
                                                                                |
                                                                                |
                                                                                |
                                                                                |
                                                                                |
                                                                                |
styles_hash: 7c34283c9cbd748b
