---
source: src/tests/remote.rs
expression: ctx.redact_buffer()
---
▌On branch main                                                                 |
▌Your branch is up to date with 'origin2/main'.                                 |
                                                                                |
 Recent commits                                                                 |
 b66a0bf main origin2/main add initial-file                                     |
                                                                                |
                                                                                |
                                                                                |
                                                                                |
                                                                                |
                                                                                |
                                                                                |
                                                                                |
                                                                                |
                                                                                |
                                                                                |
                                                                                |
                                                                                |
────────────────────────────────────────────────────────────────────────────────|
$ git remote rename origin origin2                                              |
styles_hash: b8f048b49ddbac3f
