---
source: src/tests/stash.rs
expression: ctx.redact_buffer()
---
▌On branch main                                                                 |
▌Your branch is up to date with 'origin/main'.                                  |
                                                                                |
 Stashes                                                                        |
 stash@0 On main: file-two                                                      |
 stash@1 On main: file-one                                                      |
                                                                                |
 Recent commits                                                                 |
 _______ main origin/main add initial-file                                      |
                                                                                |
                                                                                |
                                                                                |
                                                                                |
                                                                                |
                                                                                |
                                                                                |
                                                                                |
                                                                                |
────────────────────────────────────────────────────────────────────────────────|
? Apply stash (default 0): ›                                                    |
styles_hash: 3e6073d833eb8d18
