---
source: src/tests/mod.rs
expression: ctx.redact_buffer()
---
 No branch                                                                      |
                                                                                |
 Untracked files                                                                |
 one                                                                            |
 two                                                                            |
▌unaffected                                                                     |
                                                                                |
 Recent commits                                                                 |
                                                                                |
                                                                                |
                                                                                |
                                                                                |
                                                                                |
                                                                                |
                                                                                |
                                                                                |
                                                                                |
                                                                                |
────────────────────────────────────────────────────────────────────────────────|
$ git reset HEAD --                                                             |
styles_hash: d392b4980ef581b2
