---
source: src/tests/stash.rs
expression: ctx.redact_buffer()
---
▌On branch main                                                                 |
▌Your branch is up to date with 'origin/main'.                                  |
                                                                                |
 Staged changes (1)                                                             |
 added   file-one                                                               |
 @@ -0,0 +1 @@                                                                  |
 +blahonga                                                                      |
                                                                                |
 Stashes                                                                        |
 stash@0 On main: file-two                                                      |
 stash@1 On main: file-one                                                      |
                                                                                |
 Recent commits                                                                 |
 _______ main origin/main add initial-file                                      |
                                                                                |
                                                                                |
                                                                                |
                                                                                |
────────────────────────────────────────────────────────────────────────────────|
$ git stash apply -q 1                                                          |
styles_hash: 5f6c840650f2861
