---
source: src/tests/mod.rs
expression: ctx.redact_buffer()
---
 On branch main                                                                 |
 Your branch is ahead of 'origin/main' by 1 commit.                             |
                                                                                |
 Recent commits                                                                 |
▌_______ main add file-one                                                      |
 _______ origin/main add initial-file                                           |
                                                                                |
                                                                                |
────────────────────────────────────────────────────────────────────────────────|
$ git checkout HEAD -- file-one                                                 |
styles_hash: a3f19b2153c6a71
