---
source: src/tests/mod.rs
expression: ctx.redact_buffer()
---
▌On branch main                                                                 |
▌Your branch is up to date with 'origin/main'.                                  |
                                                                                |
 Unstaged changes (1)                                                           |
 added      unstaged.txt                                                        |
 @@ -0,0 +1 @@                                                                  |
 +unstaged                                                                      |
                                                                                |
 Staged changes (1)                                                             |
 added      staged.txt                                                          |
 @@ -0,0 +1 @@                                                                  |
 +staged                                                                        |
                                                                                |
 Recent commits                                                                 |
 b66a0bf main origin/main add initial-file                                      |
                                                                                |
                                                                                |
                                                                                |
                                                                                |
                                                                                |
styles_hash: cc3c122bd1c34f20
