---
source: src/tests/mod.rs
expression: ctx.redact_buffer()
---
â–ŒNo branch                                                                      |
                                                                                |
 Untracked files                                                                |
 new-file                                                                       |
                                                                                |
 Recent commits                                                                 |
                                                                                |
                                                                                |
                                                                                |
                                                                                |
                                                                                |
                                                                                |
                                                                                |
                                                                                |
                                                                                |
                                                                                |
                                                                                |
                                                                                |
                                                                                |
                                                                                |
styles_hash: a6b912f6bf3acdf4
