---
source: src/tests/mod.rs
expression: ctx.redact_buffer()
---
 On branch main                                                                 |
 Your branch is ahead of 'origin/main' by 1 commit(s).                          |
                                                                                |
 Stashes                                                                        |
â–Œstash@0 On main: firststash                                                    |
                                                                                |
 Recent commits                                                                 |
 cd4d2d1 main add testfile                                                      |
 b66a0bf origin/main add initial-file                                           |
                                                                                |
                                                                                |
                                                                                |
                                                                                |
                                                                                |
                                                                                |
                                                                                |
                                                                                |
                                                                                |
                                                                                |
                                                                                |
styles_hash: f009f3df6e96b387
