---
source: src/tests/mod.rs
expression: ctx.redact_buffer()
---
▌On branch main                                                                 |
▌Your branch is ahead of 'origin/main' by 1 commit.                             |
                                                                                |
 Recent commits                                                                 |
 e7eb2bd main add new-file                                                      |
 b66a0bf origin/main add initial-file                                           |
                                                                                |
                                                                                |
                                                                                |
                                                                                |
                                                                                |
                                                                                |
                                                                                |
                                                                                |
                                                                                |
                                                                                |
                                                                                |
                                                                                |
                                                                                |
                                                                                |
styles_hash: d40283e3b99b6eb1
