---
source: tests/mod.rs
expression: ctx.redact_buffer()
---
Buffer {
    area: Rect { x: 0, y: 0, width: 80, height: 20 },
    content: [
        " On branch main                                                                 ",
        "                                                                                ",
        " Unstaged changes (2)                                                           ",
        " modified   file-oneâ€¦                                                           ",
        "ðŸ¢’modified   file-twoâ€¦                                                           ",
        "                                                                                ",
        " Recent commits                                                                 ",
        " _______ main add file-two                                                      ",
        " _______ add file-one                                                           ",
        "                                                                                ",
        "                                                                                ",
        "                                                                                ",
        "                                                                                ",
        "                                                                                ",
        "                                                                                ",
        "                                                                                ",
        "                                                                                ",
        "                                                                                ",
        "                                                                                ",
        "                                                                                ",
    ],
    styles: [
        x: 0, y: 0, fg: Reset, bg: Reset, underline: Reset, modifier: NONE,
        x: 1, y: 0, fg: Yellow, bg: Reset, underline: Reset, modifier: NONE,
        x: 0, y: 1, fg: Reset, bg: Reset, underline: Reset, modifier: NONE,
        x: 1, y: 2, fg: Yellow, bg: Reset, underline: Reset, modifier: NONE,
        x: 17, y: 2, fg: Reset, bg: Reset, underline: Reset, modifier: NONE,
        x: 1, y: 3, fg: Magenta, bg: Reset, underline: Reset, modifier: NONE,
        x: 0, y: 4, fg: Reset, bg: Reset, underline: Reset, modifier: BOLD,
        x: 1, y: 4, fg: Magenta, bg: Reset, underline: Reset, modifier: BOLD,
        x: 0, y: 5, fg: Reset, bg: Reset, underline: Reset, modifier: NONE,
        x: 1, y: 6, fg: Yellow, bg: Reset, underline: Reset, modifier: NONE,
        x: 0, y: 7, fg: Reset, bg: Reset, underline: Reset, modifier: NONE,
        x: 1, y: 7, fg: Yellow, bg: Reset, underline: Reset, modifier: NONE,
        x: 8, y: 7, fg: Reset, bg: Reset, underline: Reset, modifier: NONE,
        x: 9, y: 7, fg: Green, bg: Reset, underline: Reset, modifier: NONE,
        x: 13, y: 7, fg: Reset, bg: Reset, underline: Reset, modifier: NONE,
        x: 1, y: 8, fg: Yellow, bg: Reset, underline: Reset, modifier: NONE,
        x: 8, y: 8, fg: Reset, bg: Reset, underline: Reset, modifier: NONE,
    ]
}
