---
source: src/tests/mod.rs
expression: ctx.redact_buffer()
---
▌On branch main                                                                 |
▌Your branch is up to date with 'origin/main'.                                  |
                                                                                |
 Untracked files                                                                |
 file-two                                                                       |
                                                                                |
 Stashes                                                                        |
 stash@0 WIP on main: _______ add initial-file                                  |
                                                                                |
 Recent commits                                                                 |
 _______ main origin/main add initial-file                                      |
                                                                                |
                                                                                |
                                                                                |
                                                                                |
                                                                                |
                                                                                |
                                                                                |
────────────────────────────────────────────────────────────────────────────────|
$ git stash pop 1                                                               |
styles_hash: 1051e7e46b0801a2
