---
source: tests/mod.rs
expression: ctx.redact_buffer()
---
Buffer {
    area: Rect { x: 0, y: 0, width: 60, height: 20 },
    content: [
        " On branch main                                             ",
        "                                                            ",
        " Unstaged changes (1)                                       ",
        "ðŸ¢’modified   testfile                                        ",
        "â–Œ@@ -1,2 +1,2 @@                                            ",
        "â–Œ-testing                                                   ",
        "â–Œ+test                                                      ",
        "â–Œ testtest                                                  ",
        "                                                            ",
        " Recent commits                                             ",
        " _______ main add testfile                                  ",
        "                                                            ",
        "                                                            ",
        "                                                            ",
        "                                                            ",
        "                                                            ",
        "                                                            ",
        "                                                            ",
        "                                                            ",
        "                                                            ",
    ],
    styles: [
        x: 0, y: 0, fg: Reset, bg: Reset, underline: Reset, modifier: NONE,
        x: 1, y: 0, fg: Yellow, bg: Reset, underline: Reset, modifier: NONE,
        x: 0, y: 1, fg: Reset, bg: Reset, underline: Reset, modifier: NONE,
        x: 1, y: 2, fg: Yellow, bg: Reset, underline: Reset, modifier: NONE,
        x: 17, y: 2, fg: Reset, bg: Reset, underline: Reset, modifier: NONE,
        x: 0, y: 3, fg: Reset, bg: Reset, underline: Reset, modifier: BOLD,
        x: 1, y: 3, fg: Magenta, bg: Reset, underline: Reset, modifier: BOLD,
        x: 0, y: 4, fg: Blue, bg: Reset, underline: Reset, modifier: DIM,
        x: 1, y: 4, fg: Blue, bg: Reset, underline: Reset, modifier: NONE,
        x: 0, y: 5, fg: Blue, bg: Reset, underline: Reset, modifier: DIM,
        x: 1, y: 5, fg: Red, bg: Reset, underline: Reset, modifier: NONE,
        x: 2, y: 5, fg: Red, bg: Reset, underline: Reset, modifier: BOLD,
        x: 9, y: 5, fg: Reset, bg: Reset, underline: Reset, modifier: NONE,
        x: 0, y: 6, fg: Blue, bg: Reset, underline: Reset, modifier: DIM,
        x: 1, y: 6, fg: Green, bg: Reset, underline: Reset, modifier: NONE,
        x: 2, y: 6, fg: Green, bg: Reset, underline: Reset, modifier: BOLD,
        x: 6, y: 6, fg: Reset, bg: Reset, underline: Reset, modifier: NONE,
        x: 0, y: 7, fg: Blue, bg: Reset, underline: Reset, modifier: DIM,
        x: 1, y: 7, fg: Reset, bg: Reset, underline: Reset, modifier: NONE,
        x: 1, y: 9, fg: Yellow, bg: Reset, underline: Reset, modifier: NONE,
        x: 0, y: 10, fg: Reset, bg: Reset, underline: Reset, modifier: NONE,
        x: 1, y: 10, fg: Yellow, bg: Reset, underline: Reset, modifier: NONE,
        x: 8, y: 10, fg: Reset, bg: Reset, underline: Reset, modifier: NONE,
        x: 9, y: 10, fg: Green, bg: Reset, underline: Reset, modifier: NONE,
        x: 13, y: 10, fg: Reset, bg: Reset, underline: Reset, modifier: NONE,
    ]
}
