---
source: tests/mod.rs
expression: ctx.redact_buffer()
---
Buffer {
    area: Rect { x: 0, y: 0, width: 60, height: 10 },
    content: [
        " _______ main add unwanted-file                             ",
        "ðŸ¢’_______ origin/main add initial-file                       ",
        "                                                            ",
        "                                                            ",
        "                                                            ",
        "â”€â”€â”€â”€â”€â”€â”€â”€â”€â”€â”€â”€â”€â”€â”€â”€â”€â”€â”€â”€â”€â”€â”€â”€â”€â”€â”€â”€â”€â”€â”€â”€â”€â”€â”€â”€â”€â”€â”€â”€â”€â”€â”€â”€â”€â”€â”€â”€â”€â”€â”€â”€â”€â”€â”€â”€â”€â”€â”€â”€",
        "Reset                              _______ origin/main add i",
        "                                   s ResetSoft              ",
        "                                   m ResetMixed             ",
        "                                   h ResetHard              ",
    ],
    styles: [
        x: 0, y: 0, fg: Reset, bg: Reset, underline: Reset, modifier: NONE,
        x: 1, y: 0, fg: Yellow, bg: Reset, underline: Reset, modifier: NONE,
        x: 8, y: 0, fg: Reset, bg: Reset, underline: Reset, modifier: NONE,
        x: 9, y: 0, fg: Green, bg: Reset, underline: Reset, modifier: NONE,
        x: 13, y: 0, fg: Reset, bg: Reset, underline: Reset, modifier: NONE,
        x: 0, y: 1, fg: Reset, bg: Reset, underline: Reset, modifier: BOLD,
        x: 1, y: 1, fg: Yellow, bg: Reset, underline: Reset, modifier: BOLD,
        x: 8, y: 1, fg: Reset, bg: Reset, underline: Reset, modifier: BOLD,
        x: 9, y: 1, fg: Red, bg: Reset, underline: Reset, modifier: BOLD,
        x: 20, y: 1, fg: Reset, bg: Reset, underline: Reset, modifier: BOLD,
        x: 0, y: 2, fg: Reset, bg: Reset, underline: Reset, modifier: NONE,
        x: 0, y: 5, fg: Reset, bg: Reset, underline: Reset, modifier: DIM,
        x: 0, y: 6, fg: Blue, bg: Reset, underline: Reset, modifier: BOLD,
        x: 21, y: 6, fg: Reset, bg: Reset, underline: Reset, modifier: NONE,
        x: 35, y: 6, fg: Yellow, bg: Reset, underline: Reset, modifier: NONE,
        x: 42, y: 6, fg: Reset, bg: Reset, underline: Reset, modifier: NONE,
        x: 43, y: 6, fg: Red, bg: Reset, underline: Reset, modifier: NONE,
        x: 54, y: 6, fg: Reset, bg: Reset, underline: Reset, modifier: NONE,
        x: 35, y: 7, fg: Magenta, bg: Reset, underline: Reset, modifier: NONE,
        x: 36, y: 7, fg: Reset, bg: Reset, underline: Reset, modifier: NONE,
        x: 35, y: 8, fg: Magenta, bg: Reset, underline: Reset, modifier: NONE,
        x: 36, y: 8, fg: Reset, bg: Reset, underline: Reset, modifier: NONE,
        x: 35, y: 9, fg: Magenta, bg: Reset, underline: Reset, modifier: NONE,
        x: 36, y: 9, fg: Reset, bg: Reset, underline: Reset, modifier: NONE,
    ]
}
