---
source: tests/mod.rs
expression: ctx.redact_buffer()
---
Buffer {
    area: Rect { x: 0, y: 0, width: 60, height: 10 },
    content: [
        "ðŸ¢’On branch main                                             ",
        "â–ŒYour branch is ahead of 'origin/main' by 1 commit.         ",
        "                                                            ",
        " Recent commits                                             ",
        " _______ main add new-file                                  ",
        " _______ origin/main add initial-file                       ",
        "                                                            ",
        "                                                            ",
        "                                                            ",
        "                                                            ",
    ],
    styles: [
        x: 0, y: 0, fg: Reset, bg: Reset, underline: Reset, modifier: BOLD,
        x: 1, y: 0, fg: Yellow, bg: Reset, underline: Reset, modifier: BOLD,
        x: 0, y: 1, fg: Blue, bg: Reset, underline: Reset, modifier: DIM,
        x: 1, y: 1, fg: Reset, bg: Reset, underline: Reset, modifier: NONE,
        x: 1, y: 3, fg: Yellow, bg: Reset, underline: Reset, modifier: NONE,
        x: 0, y: 4, fg: Reset, bg: Reset, underline: Reset, modifier: NONE,
        x: 1, y: 4, fg: Yellow, bg: Reset, underline: Reset, modifier: NONE,
        x: 8, y: 4, fg: Reset, bg: Reset, underline: Reset, modifier: NONE,
        x: 9, y: 4, fg: Green, bg: Reset, underline: Reset, modifier: NONE,
        x: 13, y: 4, fg: Reset, bg: Reset, underline: Reset, modifier: NONE,
        x: 1, y: 5, fg: Yellow, bg: Reset, underline: Reset, modifier: NONE,
        x: 8, y: 5, fg: Reset, bg: Reset, underline: Reset, modifier: NONE,
        x: 9, y: 5, fg: Red, bg: Reset, underline: Reset, modifier: NONE,
        x: 20, y: 5, fg: Reset, bg: Reset, underline: Reset, modifier: NONE,
    ]
}
