---
source: tests/mod.rs
expression: ctx.redact_buffer()
---
Buffer {
    area: Rect { x: 0, y: 0, width: 80, height: 20 },
    content: [
        " No branch                                                                      ",
        "                                                                                ",
        " Staged changes (1)                                                             ",
        "ðŸ¢’added   binary-file                                                            ",
        "                                                                                ",
        " Recent commits                                                                 ",
        "                                                                                ",
        "                                                                                ",
        "                                                                                ",
        "                                                                                ",
        "                                                                                ",
        "                                                                                ",
        "                                                                                ",
        "                                                                                ",
        "                                                                                ",
        "                                                                                ",
        "                                                                                ",
        "                                                                                ",
        "                                                                                ",
        "                                                                                ",
    ],
    styles: [
        x: 0, y: 0, fg: Reset, bg: Reset, underline: Reset, modifier: NONE,
        x: 1, y: 0, fg: Yellow, bg: Reset, underline: Reset, modifier: NONE,
        x: 0, y: 1, fg: Reset, bg: Reset, underline: Reset, modifier: NONE,
        x: 1, y: 2, fg: Yellow, bg: Reset, underline: Reset, modifier: NONE,
        x: 15, y: 2, fg: Reset, bg: Reset, underline: Reset, modifier: NONE,
        x: 0, y: 3, fg: Reset, bg: Reset, underline: Reset, modifier: BOLD,
        x: 1, y: 3, fg: Magenta, bg: Reset, underline: Reset, modifier: BOLD,
        x: 0, y: 4, fg: Reset, bg: Reset, underline: Reset, modifier: NONE,
        x: 1, y: 5, fg: Yellow, bg: Reset, underline: Reset, modifier: NONE,
        x: 0, y: 6, fg: Reset, bg: Reset, underline: Reset, modifier: NONE,
    ]
}
